Archive member included to satisfy reference by file (symbol)

/opt/st/stm32cubeide_2.1.1/plugins/com.st.stm32cube.ide.mcu.externaltools.gnu-tools-for-stm32.14.3.rel1.linux64_1.0.100.202602081740/tools/bin/../lib/gcc/arm-none-eabi/14.3.1/../../../../arm-none-eabi/lib/thumb/v7e-m+fp/hard/libc_nano.a(libc_a-exit.o)
                              /opt/st/stm32cubeide_2.1.1/plugins/com.st.stm32cube.ide.mcu.externaltools.gnu-tools-for-stm32.14.3.rel1.linux64_1.0.100.202602081740/tools/bin/../lib/gcc/arm-none-eabi/14.3.1/../../../../arm-none-eabi/lib/thumb/v7e-m+fp/hard/crt0.o (exit)
/opt/st/stm32cubeide_2.1.1/plugins/com.st.stm32cube.ide.mcu.externaltools.gnu-tools-for-stm32.14.3.rel1.linux64_1.0.100.202602081740/tools/bin/../lib/gcc/arm-none-eabi/14.3.1/../../../../arm-none-eabi/lib/thumb/v7e-m+fp/hard/libc_nano.a(libc_a-findfp.o)
                              /opt/st/stm32cubeide_2.1.1/plugins/com.st.stm32cube.ide.mcu.externaltools.gnu-tools-for-stm32.14.3.rel1.linux64_1.0.100.202602081740/tools/bin/../lib/gcc/arm-none-eabi/14.3.1/../../../../arm-none-eabi/lib/thumb/v7e-m+fp/hard/libc_nano.a(libc_a-exit.o) (__stdio_exit_handler)
/opt/st/stm32cubeide_2.1.1/plugins/com.st.stm32cube.ide.mcu.externaltools.gnu-tools-for-stm32.14.3.rel1.linux64_1.0.100.202602081740/tools/bin/../lib/gcc/arm-none-eabi/14.3.1/../../../../arm-none-eabi/lib/thumb/v7e-m+fp/hard/libc_nano.a(libc_a-fwalk.o)
                              /opt/st/stm32cubeide_2.1.1/plugins/com.st.stm32cube.ide.mcu.externaltools.gnu-tools-for-stm32.14.3.rel1.linux64_1.0.100.202602081740/tools/bin/../lib/gcc/arm-none-eabi/14.3.1/../../../../arm-none-eabi/lib/thumb/v7e-m+fp/hard/libc_nano.a(libc_a-findfp.o) (_fwalk_sglue)
/opt/st/stm32cubeide_2.1.1/plugins/com.st.stm32cube.ide.mcu.externaltools.gnu-tools-for-stm32.14.3.rel1.linux64_1.0.100.202602081740/tools/bin/../lib/gcc/arm-none-eabi/14.3.1/../../../../arm-none-eabi/lib/thumb/v7e-m+fp/hard/libc_nano.a(libc_a-stdio.o)
                              /opt/st/stm32cubeide_2.1.1/plugins/com.st.stm32cube.ide.mcu.externaltools.gnu-tools-for-stm32.14.3.rel1.linux64_1.0.100.202602081740/tools/bin/../lib/gcc/arm-none-eabi/14.3.1/../../../../arm-none-eabi/lib/thumb/v7e-m+fp/hard/libc_nano.a(libc_a-findfp.o) (__sread)
/opt/st/stm32cubeide_2.1.1/plugins/com.st.stm32cube.ide.mcu.externaltools.gnu-tools-for-stm32.14.3.rel1.linux64_1.0.100.202602081740/tools/bin/../lib/gcc/arm-none-eabi/14.3.1/../../../../arm-none-eabi/lib/thumb/v7e-m+fp/hard/libc_nano.a(libc_a-memset.o)
                              /opt/st/stm32cubeide_2.1.1/plugins/com.st.stm32cube.ide.mcu.externaltools.gnu-tools-for-stm32.14.3.rel1.linux64_1.0.100.202602081740/tools/bin/../lib/gcc/arm-none-eabi/14.3.1/../../../../arm-none-eabi/lib/thumb/v7e-m+fp/hard/crt0.o (memset)
/opt/st/stm32cubeide_2.1.1/plugins/com.st.stm32cube.ide.mcu.externaltools.gnu-tools-for-stm32.14.3.rel1.linux64_1.0.100.202602081740/tools/bin/../lib/gcc/arm-none-eabi/14.3.1/../../../../arm-none-eabi/lib/thumb/v7e-m+fp/hard/libc_nano.a(libc_a-closer.o)
                              /opt/st/stm32cubeide_2.1.1/plugins/com.st.stm32cube.ide.mcu.externaltools.gnu-tools-for-stm32.14.3.rel1.linux64_1.0.100.202602081740/tools/bin/../lib/gcc/arm-none-eabi/14.3.1/../../../../arm-none-eabi/lib/thumb/v7e-m+fp/hard/libc_nano.a(libc_a-stdio.o) (_close_r)
/opt/st/stm32cubeide_2.1.1/plugins/com.st.stm32cube.ide.mcu.externaltools.gnu-tools-for-stm32.14.3.rel1.linux64_1.0.100.202602081740/tools/bin/../lib/gcc/arm-none-eabi/14.3.1/../../../../arm-none-eabi/lib/thumb/v7e-m+fp/hard/libc_nano.a(libc_a-reent.o)
                              /opt/st/stm32cubeide_2.1.1/plugins/com.st.stm32cube.ide.mcu.externaltools.gnu-tools-for-stm32.14.3.rel1.linux64_1.0.100.202602081740/tools/bin/../lib/gcc/arm-none-eabi/14.3.1/../../../../arm-none-eabi/lib/thumb/v7e-m+fp/hard/libc_nano.a(libc_a-closer.o) (errno)
/opt/st/stm32cubeide_2.1.1/plugins/com.st.stm32cube.ide.mcu.externaltools.gnu-tools-for-stm32.14.3.rel1.linux64_1.0.100.202602081740/tools/bin/../lib/gcc/arm-none-eabi/14.3.1/../../../../arm-none-eabi/lib/thumb/v7e-m+fp/hard/libc_nano.a(libc_a-impure.o)
                              /opt/st/stm32cubeide_2.1.1/plugins/com.st.stm32cube.ide.mcu.externaltools.gnu-tools-for-stm32.14.3.rel1.linux64_1.0.100.202602081740/tools/bin/../lib/gcc/arm-none-eabi/14.3.1/../../../../arm-none-eabi/lib/thumb/v7e-m+fp/hard/libc_nano.a(libc_a-reent.o) (_impure_ptr)
/opt/st/stm32cubeide_2.1.1/plugins/com.st.stm32cube.ide.mcu.externaltools.gnu-tools-for-stm32.14.3.rel1.linux64_1.0.100.202602081740/tools/bin/../lib/gcc/arm-none-eabi/14.3.1/../../../../arm-none-eabi/lib/thumb/v7e-m+fp/hard/libc_nano.a(libc_a-lseekr.o)
                              /opt/st/stm32cubeide_2.1.1/plugins/com.st.stm32cube.ide.mcu.externaltools.gnu-tools-for-stm32.14.3.rel1.linux64_1.0.100.202602081740/tools/bin/../lib/gcc/arm-none-eabi/14.3.1/../../../../arm-none-eabi/lib/thumb/v7e-m+fp/hard/libc_nano.a(libc_a-stdio.o) (_lseek_r)
[...]
Memory Configuration

Name             Origin             Length             Attributes
RAM              0x20000000         0x00020000         xrw
FLASH            0x08000000         0x00080000         xr
*default*        0x00000000         0xffffffff

Linker script and memory map

LOAD /opt/st/stm32cubeide_2.1.1/plugins/com.st.stm32cube.ide.mcu.externaltools.gnu-tools-for-stm32.14.3.rel1.linux64_1.0.100.202602081740/tools/bin/../lib/gcc/arm-none-eabi/14.3.1/thumb/v7e-m+fp/hard/crti.o
LOAD /opt/st/stm32cubeide_2.1.1/plugins/com.st.stm32cube.ide.mcu.externaltools.gnu-tools-for-stm32.14.3.rel1.linux64_1.0.100.202602081740/tools/bin/../lib/gcc/arm-none-eabi/14.3.1/thumb/v7e-m+fp/hard/crtbegin.o
LOAD /opt/st/stm32cubeide_2.1.1/plugins/com.st.stm32cube.ide.mcu.externaltools.gnu-tools-for-stm32.14.3.rel1.linux64_1.0.100.202602081740/tools/bin/../lib/gcc/arm-none-eabi/14.3.1/../../../../arm-none-eabi/lib/thumb/v7e-m+fp/hard/crt0.o
LOAD ./Core/Src/buzzer.o
LOAD ./Core/Src/door.o
LOAD ./Core/Src/fnd.o
LOAD ./Core/Src/gpio.o
LOAD ./Core/Src/main.o
LOAD ./Core/Src/stm32f4xx_hal_msp.o
LOAD ./Core/Src/stm32f4xx_it.o
LOAD ./Core/Src/syscalls.o
LOAD ./Core/Src/sysmem.o
LOAD ./Core/Src/system_stm32f4xx.o
LOAD ./Core/Src/tim.o
LOAD ./Core/Src/usart.o
LOAD ./Core/Startup/startup_stm32f411retx.o
LOAD ./Drivers/STM32F4xx_HAL_Driver/Src/stm32f4xx_hal.o
LOAD ./Drivers/STM32F4xx_HAL_Driver/Src/stm32f4xx_hal_cortex.o
LOAD ./Drivers/STM32F4xx_HAL_Driver/Src/stm32f4xx_hal_dma.o
LOAD ./Drivers/STM32F4xx_HAL_Driver/Src/stm32f4xx_hal_dma_ex.o
LOAD ./Drivers/STM32F4xx_HAL_Driver/Src/stm32f4xx_hal_exti.o
LOAD ./Drivers/STM32F4xx_HAL_Driver/Src/stm32f4xx_hal_flash.o
LOAD ./Drivers/STM32F4xx_HAL_Driver/Src/stm32f4xx_hal_flash_ex.o
LOAD ./Drivers/STM32F4xx_HAL_Driver/Src/stm32f4xx_hal_flash_ramfunc.o
LOAD ./Drivers/STM32F4xx_HAL_Driver/Src/stm32f4xx_hal_gpio.o
LOAD ./Drivers/STM32F4xx_HAL_Driver/Src/stm32f4xx_hal_pwr.o
LOAD ./Drivers/STM32F4xx_HAL_Driver/Src/stm32f4xx_hal_pwr_ex.o
LOAD ./Drivers/STM32F4xx_HAL_Driver/Src/stm32f4xx_hal_rcc.o
LOAD ./Drivers/STM32F4xx_HAL_Driver/Src/stm32f4xx_hal_rcc_ex.o
LOAD ./Drivers/STM32F4xx_HAL_Driver/Src/stm32f4xx_hal_tim.o
LOAD ./Drivers/STM32F4xx_HAL_Driver/Src/stm32f4xx_hal_tim_ex.o
LOAD ./Drivers/STM32F4xx_HAL_Driver/Src/stm32f4xx_hal_uart.o
START GROUP
LOAD /opt/st/stm32cubeide_2.1.1/plugins/com.st.stm32cube.ide.mcu.externaltools.gnu-tools-for-stm32.14.3.rel1.linux64_1.0.100.202602081740/tools/bin/../lib/gcc/arm-none-eabi/14.3.1/../../../../arm-none-eabi/lib/thumb/v7e-m+fp/hard/libc_nano.a
LOAD /opt/st/stm32cubeide_2.1.1/plugins/com.st.stm32cube.ide.mcu.externaltools.gnu-tools-for-stm32.14.3.rel1.linux64_1.0.100.202602081740/tools/bin/../lib/gcc/arm-none-eabi/14.3.1/../../../../arm-none-eabi/lib/thumb/v7e-m+fp/hard/libm.a
END GROUP
START GROUP
LOAD /opt/st/stm32cubeide_2.1.1/plugins/com.st.stm32cube.ide.mcu.externaltools.gnu-tools-for-stm32.14.3.rel1.linux64_1.0.100.202602081740/tools/bin/../lib/gcc/arm-none-eabi/14.3.1/thumb/v7e-m+fp/hard/libgcc.a
LOAD /opt/st/stm32cubeide_2.1.1/plugins/com.st.stm32cube.ide.mcu.externaltools.gnu-tools-for-stm32.14.3.rel1.linux64_1.0.100.202602081740/tools/bin/../lib/gcc/arm-none-eabi/14.3.1/../../../../arm-none-eabi/lib/thumb/v7e-m+fp/hard/libc_nano.a
END GROUP
START GROUP
LOAD /opt/st/stm32cubeide_2.1.1/plugins/com.st.stm32cube.ide.mcu.externaltools.gnu-tools-for-stm32.14.3.rel1.linux64_1.0.100.202602081740/tools/bin/../lib/gcc/arm-none-eabi/14.3.1/thumb/v7e-m+fp/hard/libgcc.a
LOAD /opt/st/stm32cubeide_2.1.1/plugins/com.st.stm32cube.ide.mcu.externaltools.gnu-tools-for-stm32.14.3.rel1.linux64_1.0.100.202602081740/tools/bin/../lib/gcc/arm-none-eabi/14.3.1/../../../../arm-none-eabi/lib/thumb/v7e-m+fp/hard/libc_nano.a
LOAD /opt/st/stm32cubeide_2.1.1/plugins/com.st.stm32cube.ide.mcu.externaltools.gnu-tools-for-stm32.14.3.rel1.linux64_1.0.100.202602081740/tools/bin/../lib/gcc/arm-none-eabi/14.3.1/../../../../arm-none-eabi/lib/thumb/v7e-m+fp/hard/libnosys.a
END GROUP
START GROUP
LOAD /opt/st/stm32cubeide_2.1.1/plugins/com.st.stm32cube.ide.mcu.externaltools.gnu-tools-for-stm32.14.3.rel1.linux64_1.0.100.202602081740/tools/bin/../lib/gcc/arm-none-eabi/14.3.1/thumb/v7e-m+fp/hard/libgcc.a
LOAD /opt/st/stm32cubeide_2.1.1/plugins/com.st.stm32cube.ide.mcu.externaltools.gnu-tools-for-stm32.14.3.rel1.linux64_1.0.100.202602081740/tools/bin/../lib/gcc/arm-none-eabi/14.3.1/../../../../arm-none-eabi/lib/thumb/v7e-m+fp/hard/libc_nano.a
LOAD /opt/st/stm32cubeide_2.1.1/plugins/com.st.stm32cube.ide.mcu.externaltools.gnu-tools-for-stm32.14.3.rel1.linux64_1.0.100.202602081740/tools/bin/../lib/gcc/arm-none-eabi/14.3.1/../../../../arm-none-eabi/lib/thumb/v7e-m+fp/hard/libnosys.a
END GROUP
LOAD /opt/st/stm32cubeide_2.1.1/plugins/com.st.stm32cube.ide.mcu.externaltools.gnu-tools-for-stm32.14.3.rel1.linux64_1.0.100.202602081740/tools/bin/../lib/gcc/arm-none-eabi/14.3.1/thumb/v7e-m+fp/hard/crtend.o
LOAD /opt/st/stm32cubeide_2.1.1/plugins/com.st.stm32cube.ide.mcu.externaltools.gnu-tools-for-stm32.14.3.rel1.linux64_1.0.100.202602081740/tools/bin/../lib/gcc/arm-none-eabi/14.3.1/thumb/v7e-m+fp/hard/crtn.o
                0x20020000                        _estack = (ORIGIN (RAM) + LENGTH (RAM))
                0x00000200                        _Min_Heap_Size = 0x200
                0x00000400                        _Min_Stack_Size = 0x400

.isr_vector     0x08000000      0x198
                0x08000000                        . = ALIGN (0x4)
 *(.isr_vector)
 .isr_vector    0x08000000      0x198 ./Core/Startup/startup_stm32f411retx.o
                0x08000000                g_pfnVectors
                0x08000198                        . = ALIGN (0x4)

.text           0x08000198     0x36ac
                0x08000198                        . = ALIGN (0x4)
 *(.text)
 .text          0x08000198       0x40 /opt/st/stm32cubeide_2.1.1/plugins/com.st.stm32cube.ide.mcu.externaltools.gnu-tools-for-stm32.14.3.rel1.linux64_1.0.100.202602081740/tools/bin/../lib/gcc/arm-none-eabi/14.3.1/thumb/v7e-m+fp/hard/crtbegin.o
 .text          0x080001d8       0x30 /opt/st/stm32cubeide_2.1.1/plugins/com.st.stm32cube.ide.mcu.externaltools.gnu-tools-for-stm32.14.3.rel1.linux64_1.0.100.202602081740/tools/bin/../lib/gcc/arm-none-eabi/14.3.1/thumb/v7e-m+fp/hard/libgcc.a(_aeabi_uldivmod.o)
                0x080001d8                __aeabi_uldivmod
 .text          0x08000208      0x2f8 /opt/st/stm32cubeide_2.1.1/plugins/com.st.stm32cube.ide.mcu.externaltools.gnu-tools-for-stm32.14.3.rel1.linux64_1.0.100.202602081740/tools/bin/../lib/gcc/arm-none-eabi/14.3.1/thumb/v7e-m+fp/hard/libgcc.a(_udivmoddi4.o)
                0x08000208                __udivmoddi4
 .text          0x08000500        0x4 /opt/st/stm32cubeide_2.1.1/plugins/com.st.stm32cube.ide.mcu.externaltools.gnu-tools-for-stm32.14.3.rel1.linux64_1.0.100.202602081740/tools/bin/../lib/gcc/arm-none-eabi/14.3.1/thumb/v7e-m+fp/hard/libgcc.a(_dvmd_tls.o)
                0x08000500                __aeabi_ldiv0
                0x08000500                __aeabi_idiv0
 *(.text*)
 .text.start_floor_buzzer
                0x08000504       0x54 ./Core/Src/buzzer.o
                0x08000504                start_floor_buzzer
 .text.stop_buzzer_immediately
                0x08000558       0x28 ./Core/Src/buzzer.o
                0x08000558                stop_buzzer_immediately
 .text.update_buzzer_nonblocking
                0x08000580       0x40 ./Core/Src/buzzer.o
                0x08000580                update_buzzer_nonblocking
 .text.open_door_request
                0x080005c0       0x38 ./Core/Src/door.o
                0x080005c0                open_door_request
 .text.update_door_nonblocking
                0x080005f8       0xa0 ./Core/Src/door.o
                0x080005f8                update_door_nonblocking
 .text.clear_fnd
                0x08000698       0x60 ./Core/Src/fnd.o
                0x08000698                clear_fnd
 .text.first_floor_fnd
                0x080006f8       0x2c ./Core/Src/fnd.o
                0x080006f8                first_floor_fnd
 .text.second_floor_fnd
                0x08000724       0x50 ./Core/Src/fnd.o
                0x08000724                second_floor_fnd
 .text.third_floor_fnd
                0x08000774       0x50 ./Core/Src/fnd.o
                0x08000774                third_floor_fnd
 .text.fourth_floor_fnd
                0x080007c4       0x40 ./Core/Src/fnd.o
                0x080007c4                fourth_floor_fnd
 .text.MX_GPIO_Init
                0x08000804      0x10c ./Core/Src/gpio.o
                0x08000804                MX_GPIO_Init
 .text.main     0x08000910       0xec ./Core/Src/main.o
                0x08000910                main
 .text.SystemClock_Config
                0x080009fc       0xd0 ./Core/Src/main.o
                0x080009fc                SystemClock_Config
 .text.Error_Handler
                0x08000acc        0xc ./Core/Src/main.o
                0x08000acc                Error_Handler
 .text.HAL_MspInit
                0x08000ad8       0x50 ./Core/Src/stm32f4xx_hal_msp.o
                0x08000ad8                HAL_MspInit
 .text.NMI_Handler
                0x08000b28        0x8 ./Core/Src/stm32f4xx_it.o
                0x08000b28                NMI_Handler
 .text.HardFault_Handler
                0x08000b30        0x8 ./Core/Src/stm32f4xx_it.o
                0x08000b30                HardFault_Handler
 .text.MemManage_Handler
                0x08000b38        0x8 ./Core/Src/stm32f4xx_it.o
                0x08000b38                MemManage_Handler
 .text.BusFault_Handler
                0x08000b40        0x8 ./Core/Src/stm32f4xx_it.o
                0x08000b40                BusFault_Handler
 .text.UsageFault_Handler
                0x08000b48        0x8 ./Core/Src/stm32f4xx_it.o
                0x08000b48                UsageFault_Handler
 .text.SVC_Handler
                0x08000b50        0xe ./Core/Src/stm32f4xx_it.o
                0x08000b50                SVC_Handler
 .text.DebugMon_Handler
                0x08000b5e        0xe ./Core/Src/stm32f4xx_it.o
                0x08000b5e                DebugMon_Handler
 .text.PendSV_Handler
                0x08000b6c        0xe ./Core/Src/stm32f4xx_it.o
                0x08000b6c                PendSV_Handler
 .text.SysTick_Handler
                0x08000b7a        0xc ./Core/Src/stm32f4xx_it.o
                0x08000b7a                SysTick_Handler
 *fill*         0x08000b86        0x2 
 .text.SystemInit
                0x08000b88       0x24 ./Core/Src/system_stm32f4xx.o
                0x08000b88                SystemInit
 .text.MX_TIM3_Init
                0x08000bac       0xf8 ./Core/Src/tim.o
                0x08000bac                MX_TIM3_Init
 .text.MX_TIM4_Init
                0x08000ca4       0xf0 ./Core/Src/tim.o
                0x08000ca4                MX_TIM4_Init
 .text.MX_TIM11_Init
                0x08000d94       0x9c ./Core/Src/tim.o
                0x08000d94                MX_TIM11_Init
 .text.HAL_TIM_Base_MspInit
                0x08000e30       0xe8 ./Core/Src/tim.o
                0x08000e30                HAL_TIM_Base_MspInit
 .text.HAL_TIM_MspPostInit
                0x08000f18       0xc0 ./Core/Src/tim.o
                0x08000f18                HAL_TIM_MspPostInit
 .text.MX_USART1_UART_Init
                0x08000fd8       0x54 ./Core/Src/usart.o
                0x08000fd8                MX_USART1_UART_Init
 .text.MX_USART2_UART_Init
                0x0800102c       0x54 ./Core/Src/usart.o
                0x0800102c                MX_USART2_UART_Init
 .text.HAL_UART_MspInit
                0x08001080       0xf8 ./Core/Src/usart.o
                0x08001080                HAL_UART_MspInit
 .text.Reset_Handler
                0x08001178       0x50 ./Core/Startup/startup_stm32f411retx.o
                0x08001178                Reset_Handler
 .text.Default_Handler
                0x080011c8        0x2 ./Core/Startup/startup_stm32f411retx.o
                0x080011c8                RTC_Alarm_IRQHandler
                0x080011c8                EXTI2_IRQHandler
                0x080011c8                SPI4_IRQHandler
                0x080011c8                TIM1_CC_IRQHandler
                0x080011c8                DMA2_Stream5_IRQHandler
                0x080011c8                DMA1_Stream5_IRQHandler
                0x080011c8                PVD_IRQHandler
                0x080011c8                SDIO_IRQHandler
                0x080011c8                TAMP_STAMP_IRQHandler
                0x080011c8                EXTI3_IRQHandler
                0x080011c8                TIM1_UP_TIM10_IRQHandler
                0x080011c8                I2C3_ER_IRQHandler
                0x080011c8                EXTI0_IRQHandler
                0x080011c8                I2C2_EV_IRQHandler
                0x080011c8                DMA1_Stream2_IRQHandler
                0x080011c8                FPU_IRQHandler
                0x080011c8                DMA2_Stream2_IRQHandler
                0x080011c8                SPI1_IRQHandler
                0x080011c8                TIM1_BRK_TIM9_IRQHandler
                0x080011c8                DMA2_Stream3_IRQHandler
                0x080011c8                USART6_IRQHandler
                0x080011c8                DMA2_Stream0_IRQHandler
                0x080011c8                TIM4_IRQHandler
                0x080011c8                I2C1_EV_IRQHandler
                0x080011c8                DMA1_Stream6_IRQHandler
                0x080011c8                DMA1_Stream1_IRQHandler
                0x080011c8                TIM3_IRQHandler
                0x080011c8                RCC_IRQHandler
                0x080011c8                Default_Handler
                0x080011c8                EXTI15_10_IRQHandler
                0x080011c8                ADC_IRQHandler
                0x080011c8                DMA1_Stream7_IRQHandler
                0x080011c8                SPI5_IRQHandler
                0x080011c8                TIM5_IRQHandler
                0x080011c8                DMA2_Stream7_IRQHandler
                0x080011c8                I2C3_EV_IRQHandler
                0x080011c8                EXTI9_5_IRQHandler
                0x080011c8                RTC_WKUP_IRQHandler
                0x080011c8                SPI2_IRQHandler
                0x080011c8                DMA1_Stream0_IRQHandler
                0x080011c8                EXTI4_IRQHandler
                0x080011c8                WWDG_IRQHandler
                0x080011c8                TIM2_IRQHandler
                0x080011c8                OTG_FS_WKUP_IRQHandler
                0x080011c8                TIM1_TRG_COM_TIM11_IRQHandler
                0x080011c8                EXTI1_IRQHandler
                0x080011c8                USART2_IRQHandler
                0x080011c8                I2C2_ER_IRQHandler
                0x080011c8                DMA2_Stream1_IRQHandler
                0x080011c8                FLASH_IRQHandler
                0x080011c8                DMA2_Stream4_IRQHandler
                0x080011c8                USART1_IRQHandler
                0x080011c8                OTG_FS_IRQHandler
                0x080011c8                SPI3_IRQHandler
                0x080011c8                DMA1_Stream4_IRQHandler
                0x080011c8                I2C1_ER_IRQHandler
                0x080011c8                DMA2_Stream6_IRQHandler
                0x080011c8                DMA1_Stream3_IRQHandler
 *fill*         0x080011ca        0x2 
 .text.HAL_Init
                0x080011cc       0x44 ./Drivers/STM32F4xx_HAL_Driver/Src/stm32f4xx_hal.o
                0x080011cc                HAL_Init
 .text.HAL_InitTick
                0x08001210       0x60 ./Drivers/STM32F4xx_HAL_Driver/Src/stm32f4xx_hal.o
                0x08001210                HAL_InitTick
 .text.HAL_IncTick
                0x08001270       0x28 ./Drivers/STM32F4xx_HAL_Driver/Src/stm32f4xx_hal.o
                0x08001270                HAL_IncTick
 .text.HAL_GetTick
                0x08001298       0x18 ./Drivers/STM32F4xx_HAL_Driver/Src/stm32f4xx_hal.o
                0x08001298                HAL_GetTick
 .text.__NVIC_SetPriorityGrouping
                0x080012b0       0x48 ./Drivers/STM32F4xx_HAL_Driver/Src/stm32f4xx_hal_cortex.o
 .text.__NVIC_GetPriorityGrouping
                0x080012f8       0x1c ./Drivers/STM32F4xx_HAL_Driver/Src/stm32f4xx_hal_cortex.o
 .text.__NVIC_SetPriority
                0x08001314       0x54 ./Drivers/STM32F4xx_HAL_Driver/Src/stm32f4xx_hal_cortex.o
 .text.NVIC_EncodePriority
                0x08001368       0x66 ./Drivers/STM32F4xx_HAL_Driver/Src/stm32f4xx_hal_cortex.o
 *fill*         0x080013ce        0x2 
 .text.SysTick_Config
                0x080013d0       0x44 ./Drivers/STM32F4xx_HAL_Driver/Src/stm32f4xx_hal_cortex.o
 .text.HAL_NVIC_SetPriorityGrouping
                0x08001414       0x16 ./Drivers/STM32F4xx_HAL_Driver/Src/stm32f4xx_hal_cortex.o
                0x08001414                HAL_NVIC_SetPriorityGrouping
 .text.HAL_NVIC_SetPriority
                0x0800142a       0x38 ./Drivers/STM32F4xx_HAL_Driver/Src/stm32f4xx_hal_cortex.o
                0x0800142a                HAL_NVIC_SetPriority
 .text.HAL_SYSTICK_Config
                0x08001462       0x18 ./Drivers/STM32F4xx_HAL_Driver/Src/stm32f4xx_hal_cortex.o
                0x08001462                HAL_SYSTICK_Config
 *fill*         0x0800147a        0x2 
 .text.HAL_GPIO_Init
                0x0800147c      0x308 ./Drivers/STM32F4xx_HAL_Driver/Src/stm32f4xx_hal_gpio.o
                0x0800147c                HAL_GPIO_Init
 .text.HAL_GPIO_ReadPin
                0x08001784       0x30 ./Drivers/STM32F4xx_HAL_Driver/Src/stm32f4xx_hal_gpio.o
                0x08001784                HAL_GPIO_ReadPin
 .text.HAL_GPIO_WritePin
                0x080017b4       0x32 ./Drivers/STM32F4xx_HAL_Driver/Src/stm32f4xx_hal_gpio.o
                0x080017b4                HAL_GPIO_WritePin
 *fill*         0x080017e6        0x2 
 .text.HAL_RCC_OscConfig
                0x080017e8      0x4f0 ./Drivers/STM32F4xx_HAL_Driver/Src/stm32f4xx_hal_rcc.o
                0x080017e8                HAL_RCC_OscConfig
 .text.HAL_RCC_ClockConfig
                0x08001cd8      0x1cc ./Drivers/STM32F4xx_HAL_Driver/Src/stm32f4xx_hal_rcc.o
                0x08001cd8                HAL_RCC_ClockConfig
 .text.HAL_RCC_GetSysClockFreq
                0x08001ea4      0x20c ./Drivers/STM32F4xx_HAL_Driver/Src/stm32f4xx_hal_rcc.o
                0x08001ea4                HAL_RCC_GetSysClockFreq
 .text.HAL_RCC_GetHCLKFreq
                0x080020b0       0x18 ./Drivers/STM32F4xx_HAL_Driver/Src/stm32f4xx_hal_rcc.o
                0x080020b0                HAL_RCC_GetHCLKFreq
 .text.HAL_RCC_GetPCLK1Freq
                0x080020c8       0x28 ./Drivers/STM32F4xx_HAL_Driver/Src/stm32f4xx_hal_rcc.o
                0x080020c8                HAL_RCC_GetPCLK1Freq
 .text.HAL_RCC_GetPCLK2Freq
                0x080020f0       0x28 ./Drivers/STM32F4xx_HAL_Driver/Src/stm32f4xx_hal_rcc.o
                0x080020f0                HAL_RCC_GetPCLK2Freq
 .text.HAL_TIM_Base_Init
                0x08002118       0x9e ./Drivers/STM32F4xx_HAL_Driver/Src/stm32f4xx_hal_tim.o
                0x08002118                HAL_TIM_Base_Init
 .text.HAL_TIM_PWM_Init
                0x080021b6       0x9e ./Drivers/STM32F4xx_HAL_Driver/Src/stm32f4xx_hal_tim.o
                0x080021b6                HAL_TIM_PWM_Init
 .text.HAL_TIM_PWM_MspInit
                0x08002254       0x14 ./Drivers/STM32F4xx_HAL_Driver/Src/stm32f4xx_hal_tim.o
                0x08002254                HAL_TIM_PWM_MspInit
 .text.HAL_TIM_PWM_Start
                0x08002268      0x160 ./Drivers/STM32F4xx_HAL_Driver/Src/stm32f4xx_hal_tim.o
                0x08002268                HAL_TIM_PWM_Start
 .text.HAL_TIM_PWM_Stop
                0x080023c8       0xc8 ./Drivers/STM32F4xx_HAL_Driver/Src/stm32f4xx_hal_tim.o
                0x080023c8                HAL_TIM_PWM_Stop
 .text.HAL_TIM_IC_Init
                0x08002490       0x9e ./Drivers/STM32F4xx_HAL_Driver/Src/stm32f4xx_hal_tim.o
                0x08002490                HAL_TIM_IC_Init
 .text.HAL_TIM_IC_MspInit
                0x0800252e       0x14 ./Drivers/STM32F4xx_HAL_Driver/Src/stm32f4xx_hal_tim.o
                0x0800252e                HAL_TIM_IC_MspInit
 .text.HAL_TIM_IC_ConfigChannel
                0x08002542      0x138 ./Drivers/STM32F4xx_HAL_Driver/Src/stm32f4xx_hal_tim.o
                0x08002542                HAL_TIM_IC_ConfigChannel
 *fill*         0x0800267a        0x2 
 .text.HAL_TIM_PWM_ConfigChannel
                0x0800267c      0x184 ./Drivers/STM32F4xx_HAL_Driver/Src/stm32f4xx_hal_tim.o
                0x0800267c                HAL_TIM_PWM_ConfigChannel
 .text.HAL_TIM_ConfigClockSource
                0x08002800      0x18e ./Drivers/STM32F4xx_HAL_Driver/Src/stm32f4xx_hal_tim.o
                0x08002800                HAL_TIM_ConfigClockSource
 *fill*         0x0800298e        0x2 
 .text.TIM_Base_SetConfig
                0x08002990      0x10c ./Drivers/STM32F4xx_HAL_Driver/Src/stm32f4xx_hal_tim.o
                0x08002990                TIM_Base_SetConfig
 .text.TIM_OC1_SetConfig
                0x08002a9c       0xcc ./Drivers/STM32F4xx_HAL_Driver/Src/stm32f4xx_hal_tim.o
 .text.TIM_OC2_SetConfig
                0x08002b68       0xd8 ./Drivers/STM32F4xx_HAL_Driver/Src/stm32f4xx_hal_tim.o
                0x08002b68                TIM_OC2_SetConfig
 .text.TIM_OC3_SetConfig
                0x08002c40       0xd4 ./Drivers/STM32F4xx_HAL_Driver/Src/stm32f4xx_hal_tim.o
 .text.TIM_OC4_SetConfig
                0x08002d14       0xa0 ./Drivers/STM32F4xx_HAL_Driver/Src/stm32f4xx_hal_tim.o
 .text.TIM_TI1_SetConfig
                0x08002db4       0xd0 ./Drivers/STM32F4xx_HAL_Driver/Src/stm32f4xx_hal_tim.o
                0x08002db4                TIM_TI1_SetConfig
 .text.TIM_TI1_ConfigInputStage
                0x08002e84       0x5e ./Drivers/STM32F4xx_HAL_Driver/Src/stm32f4xx_hal_tim.o
 .text.TIM_TI2_SetConfig
                0x08002ee2       0x7a ./Drivers/STM32F4xx_HAL_Driver/Src/stm32f4xx_hal_tim.o
 .text.TIM_TI2_ConfigInputStage
                0x08002f5c       0x60 ./Drivers/STM32F4xx_HAL_Driver/Src/stm32f4xx_hal_tim.o
 .text.TIM_TI3_SetConfig
                0x08002fbc       0x78 ./Drivers/STM32F4xx_HAL_Driver/Src/stm32f4xx_hal_tim.o
 .text.TIM_TI4_SetConfig
                0x08003034       0x7a ./Drivers/STM32F4xx_HAL_Driver/Src/stm32f4xx_hal_tim.o
 .text.TIM_ITRx_SetConfig
                0x080030ae       0x36 ./Drivers/STM32F4xx_HAL_Driver/Src/stm32f4xx_hal_tim.o
 .text.TIM_ETR_SetConfig
                0x080030e4       0x40 ./Drivers/STM32F4xx_HAL_Driver/Src/stm32f4xx_hal_tim.o
                0x080030e4                TIM_ETR_SetConfig
 .text.TIM_CCxChannelCmd
                0x08003124       0x4a ./Drivers/STM32F4xx_HAL_Driver/Src/stm32f4xx_hal_tim.o
                0x08003124                TIM_CCxChannelCmd
 *fill*         0x0800316e        0x2 
 .text.HAL_TIMEx_MasterConfigSynchronization
                0x08003170       0xdc ./Drivers/STM32F4xx_HAL_Driver/Src/stm32f4xx_hal_tim_ex.o
                0x08003170                HAL_TIMEx_MasterConfigSynchronization
 .text.HAL_UART_Init
                0x0800324c       0xa0 ./Drivers/STM32F4xx_HAL_Driver/Src/stm32f4xx_hal_uart.o
                0x0800324c                HAL_UART_Init
 .text.UART_SetConfig
                0x080032ec      0x4e8 ./Drivers/STM32F4xx_HAL_Driver/Src/stm32f4xx_hal_uart.o
 .text.memset   0x080037d4       0x10 /opt/st/stm32cubeide_2.1.1/plugins/com.st.stm32cube.ide.mcu.externaltools.gnu-tools-for-stm32.14.3.rel1.linux64_1.0.100.202602081740/tools/bin/../lib/gcc/arm-none-eabi/14.3.1/../../../../arm-none-eabi/lib/thumb/v7e-m+fp/hard/libc_nano.a(libc_a-memset.o)
                0x080037d4                memset
 .text.__libc_init_array
                0x080037e4       0x48 /opt/st/stm32cubeide_2.1.1/plugins/com.st.stm32cube.ide.mcu.externaltools.gnu-tools-for-stm32.14.3.rel1.linux64_1.0.100.202602081740/tools/bin/../lib/gcc/arm-none-eabi/14.3.1/../../../../arm-none-eabi/lib/thumb/v7e-m+fp/hard/libc_nano.a(libc_a-init.o)
                0x080037e4                __libc_init_array
 *(.glue_7)
 .glue_7        0x0800382c        0x0 linker stubs
 *(.glue_7t)
 .glue_7t       0x0800382c        0x0 linker stubs
 *(.eh_frame)
 .eh_frame      0x0800382c        0x0 /opt/st/stm32cubeide_2.1.1/plugins/com.st.stm32cube.ide.mcu.externaltools.gnu-tools-for-stm32.14.3.rel1.linux64_1.0.100.202602081740/tools/bin/../lib/gcc/arm-none-eabi/14.3.1/thumb/v7e-m+fp/hard/crtbegin.o
 *(.init)
 .init          0x0800382c        0x4 /opt/st/stm32cubeide_2.1.1/plugins/com.st.stm32cube.ide.mcu.externaltools.gnu-tools-for-stm32.14.3.rel1.linux64_1.0.100.202602081740/tools/bin/../lib/gcc/arm-none-eabi/14.3.1/thumb/v7e-m+fp/hard/crti.o
                0x0800382c                _init
 .init          0x08003830        0x8 /opt/st/stm32cubeide_2.1.1/plugins/com.st.stm32cube.ide.mcu.externaltools.gnu-tools-for-stm32.14.3.rel1.linux64_1.0.100.202602081740/tools/bin/../lib/gcc/arm-none-eabi/14.3.1/thumb/v7e-m+fp/hard/crtn.o
 *(.fini)
 .fini          0x08003838        0x4 /opt/st/stm32cubeide_2.1.1/plugins/com.st.stm32cube.ide.mcu.externaltools.gnu-tools-for-stm32.14.3.rel1.linux64_1.0.100.202602081740/tools/bin/../lib/gcc/arm-none-eabi/14.3.1/thumb/v7e-m+fp/hard/crti.o
                0x08003838                _fini
 .fini          0x0800383c        0x8 /opt/st/stm32cubeide_2.1.1/plugins/com.st.stm32cube.ide.mcu.externaltools.gnu-tools-for-stm32.14.3.rel1.linux64_1.0.100.202602081740/tools/bin/../lib/gcc/arm-none-eabi/14.3.1/thumb/v7e-m+fp/hard/crtn.o
                0x08003844                        . = ALIGN (0x4)
                0x08003844                        _etext = .

.vfp11_veneer   0x08003844        0x0
 .vfp11_veneer  0x08003844        0x0 linker stubs

.v4_bx          0x08003844        0x0
 .v4_bx         0x08003844        0x0 linker stubs

.iplt           0x08003844        0x0
 .iplt          0x08003844        0x0 /opt/st/stm32cubeide_2.1.1/plugins/com.st.stm32cube.ide.mcu.externaltools.gnu-tools-for-stm32.14.3.rel1.linux64_1.0.100.202602081740/tools/bin/../lib/gcc/arm-none-eabi/14.3.1/thumb/v7e-m+fp/hard/crtbegin.o

.rodata         0x08003844       0x18
                0x08003844                        . = ALIGN (0x4)
 *(.rodata)
 *(.rodata*)
 .rodata.AHBPrescTable
                0x08003844       0x10 ./Core/Src/system_stm32f4xx.o
                0x08003844                AHBPrescTable
 .rodata.APBPrescTable
                0x08003854        0x8 ./Core/Src/system_stm32f4xx.o
                0x08003854                APBPrescTable
                0x0800385c                        . = ALIGN (0x4)

.ARM.extab      0x0800385c        0x0
                0x0800385c                        . = ALIGN (0x4)
 *(.ARM.extab* .gnu.linkonce.armextab.*)
                0x0800385c                        . = ALIGN (0x4)

.ARM            0x0800385c        0x8
                0x0800385c                        . = ALIGN (0x4)
                0x0800385c                        __exidx_start = .
 *(.ARM.exidx*)
 .ARM.exidx     0x0800385c        0x8 /opt/st/stm32cubeide_2.1.1/plugins/com.st.stm32cube.ide.mcu.externaltools.gnu-tools-for-stm32.14.3.rel1.linux64_1.0.100.202602081740/tools/bin/../lib/gcc/arm-none-eabi/14.3.1/thumb/v7e-m+fp/hard/libgcc.a(_udivmoddi4.o)
                0x08003864                        __exidx_end = .
                0x08003864                        . = ALIGN (0x4)

.preinit_array  0x08003864        0x0
                0x08003864                        . = ALIGN (0x4)
                0x08003864                        PROVIDE (__preinit_array_start = .)
 *(.preinit_array*)
                0x08003864                        PROVIDE (__preinit_array_end = .)
                0x08003864                        . = ALIGN (0x4)

.init_array     0x08003864        0x4
                0x08003864                        . = ALIGN (0x4)
                0x08003864                        PROVIDE (__init_array_start = .)
 *(SORT_BY_NAME(.init_array.*))
 *(.init_array*)
 .init_array    0x08003864        0x4 /opt/st/stm32cubeide_2.1.1/plugins/com.st.stm32cube.ide.mcu.externaltools.gnu-tools-for-stm32.14.3.rel1.linux64_1.0.100.202602081740/tools/bin/../lib/gcc/arm-none-eabi/14.3.1/thumb/v7e-m+fp/hard/crtbegin.o
                0x08003868                        PROVIDE (__init_array_end = .)
                0x08003868                        . = ALIGN (0x4)

.fini_array     0x08003868        0x4
                0x08003868                        . = ALIGN (0x4)
                [!provide]                        PROVIDE (__fini_array_start = .)
 *(SORT_BY_NAME(.fini_array.*))
 *(.fini_array*)
 .fini_array    0x08003868        0x4 /opt/st/stm32cubeide_2.1.1/plugins/com.st.stm32cube.ide.mcu.externaltools.gnu-tools-for-stm32.14.3.rel1.linux64_1.0.100.202602081740/tools/bin/../lib/gcc/arm-none-eabi/14.3.1/thumb/v7e-m+fp/hard/crtbegin.o
                [!provide]                        PROVIDE (__fini_array_end = .)
                0x0800386c                        . = ALIGN (0x4)
                0x0800386c                        _sidata = LOADADDR (.data)

.rel.dyn        0x0800386c        0x0
 .rel.iplt      0x0800386c        0x0 /opt/st/stm32cubeide_2.1.1/plugins/com.st.stm32cube.ide.mcu.externaltools.gnu-tools-for-stm32.14.3.rel1.linux64_1.0.100.202602081740/tools/bin/../lib/gcc/arm-none-eabi/14.3.1/thumb/v7e-m+fp/hard/crtbegin.o

.data           0x20000000        0xc load address 0x0800386c
                0x20000000                        . = ALIGN (0x4)
                0x20000000                        _sdata = .
 *(.data)
 *(.data*)
 .data.SystemCoreClock
                0x20000000        0x4 ./Core/Src/system_stm32f4xx.o
                0x20000000                SystemCoreClock
 .data.uwTickPrio
                0x20000004        0x4 ./Drivers/STM32F4xx_HAL_Driver/Src/stm32f4xx_hal.o
                0x20000004                uwTickPrio
 .data.uwTickFreq
                0x20000008        0x1 ./Drivers/STM32F4xx_HAL_Driver/Src/stm32f4xx_hal.o
                0x20000008                uwTickFreq
 *(.RamFunc)
 *(.RamFunc*)
                0x2000000c                        . = ALIGN (0x4)
 *fill*         0x20000009        0x3 
                0x2000000c                        _edata = .

.igot.plt       0x2000000c        0x0 load address 0x08003878
 .igot.plt      0x2000000c        0x0 /opt/st/stm32cubeide_2.1.1/plugins/com.st.stm32cube.ide.mcu.externaltools.gnu-tools-for-stm32.14.3.rel1.linux64_1.0.100.202602081740/tools/bin/../lib/gcc/arm-none-eabi/14.3.1/thumb/v7e-m+fp/hard/crtbegin.o
                0x2000000c                        . = ALIGN (0x4)

.bss            0x2000000c      0x1a0 load address 0x08003878
                0x2000000c                        _sbss = .
                0x2000000c                        __bss_start__ = _sbss
 *(.bss)
 .bss           0x2000000c       0x1c /opt/st/stm32cubeide_2.1.1/plugins/com.st.stm32cube.ide.mcu.externaltools.gnu-tools-for-stm32.14.3.rel1.linux64_1.0.100.202602081740/tools/bin/../lib/gcc/arm-none-eabi/14.3.1/thumb/v7e-m+fp/hard/crtbegin.o
 *(.bss*)
 .bss.my_buzzer
                0x20000028        0xc ./Core/Src/buzzer.o
 .bss.my_door   0x20000034        0x8 ./Core/Src/door.o
 .bss.flag      0x2000003c        0x1 ./Core/Src/main.o
                0x2000003c                flag
 *fill*         0x2000003d        0x3 
 .bss.htim3     0x20000040       0x48 ./Core/Src/tim.o
                0x20000040                htim3
 .bss.htim4     0x20000088       0x48 ./Core/Src/tim.o
                0x20000088                htim4
 .bss.htim11    0x200000d0       0x48 ./Core/Src/tim.o
                0x200000d0                htim11
 .bss.huart1    0x20000118       0x48 ./Core/Src/usart.o
                0x20000118                huart1
 .bss.huart2    0x20000160       0x48 ./Core/Src/usart.o
                0x20000160                huart2
 .bss.uwTick    0x200001a8        0x4 ./Drivers/STM32F4xx_HAL_Driver/Src/stm32f4xx_hal.o
                0x200001a8                uwTick
 *(COMMON)
                0x200001ac                        . = ALIGN (0x4)
                0x200001ac                        _ebss = .
                0x200001ac                        __bss_end__ = _ebss

._user_heap_stack
                0x200001ac      0x604 load address 0x08003878
                0x200001b0                        . = ALIGN (0x8)
 *fill*         0x200001ac        0x4 
                [!provide]                        PROVIDE (end = .)
                0x200001b0                        PROVIDE (_end = .)
                0x200003b0                        . = (. + _Min_Heap_Size)
 *fill*         0x200001b0      0x200 
                0x200007b0                        . = (. + _Min_Stack_Size)
 *fill*         0x200003b0      0x400 
                0x200007b0                        . = ALIGN (0x8)

/DISCARD/
 libc.a(*)
 libm.a(*)
 libgcc.a(*)

.ARM.attributes
                0x00000000       0x30
 *(.ARM.attributes)
 .ARM.attributes
                0x00000000       0x22 /opt/st/stm32cubeide_2.1.1/plugins/com.st.stm32cube.ide.mcu.externaltools.gnu-tools-for-stm32.14.3.rel1.linux64_1.0.100.202602081740/tools/bin/../lib/gcc/arm-none-eabi/14.3.1/thumb/v7e-m+fp/hard/crti.o
 .ARM.attributes
                0x00000022       0x34 /opt/st/stm32cubeide_2.1.1/plugins/com.st.stm32cube.ide.mcu.externaltools.gnu-tools-for-stm32.14.3.rel1.linux64_1.0.100.202602081740/tools/bin/../lib/gcc/arm-none-eabi/14.3.1/thumb/v7e-m+fp/hard/crtbegin.o
 .ARM.attributes
                0x00000056       0x34 ./Core/Src/buzzer.o
 .ARM.attributes
                0x0000008a       0x34 ./Core/Src/door.o
 .ARM.attributes
                0x000000be       0x34 ./Core/Src/fnd.o
 .ARM.attributes
                0x000000f2       0x34 ./Core/Src/gpio.o
 .ARM.attributes
                0x00000126       0x34 ./Core/Src/main.o
 .ARM.attributes
                0x0000015a       0x34 ./Core/Src/stm32f4xx_hal_msp.o
 .ARM.attributes
                0x0000018e       0x34 ./Core/Src/stm32f4xx_it.o
 .ARM.attributes
                0x000001c2       0x34 ./Core/Src/system_stm32f4xx.o
 .ARM.attributes
                0x000001f6       0x34 ./Core/Src/tim.o
 .ARM.attributes
                0x0000022a       0x34 ./Core/Src/usart.o
 .ARM.attributes
                0x0000025e       0x21 ./Core/Startup/startup_stm32f411retx.o
 .ARM.attributes
                0x0000027f       0x34 ./Drivers/STM32F4xx_HAL_Driver/Src/stm32f4xx_hal.o
 .ARM.attributes
                0x000002b3       0x34 ./Drivers/STM32F4xx_HAL_Driver/Src/stm32f4xx_hal_cortex.o
 .ARM.attributes
                0x000002e7       0x34 ./Drivers/STM32F4xx_HAL_Driver/Src/stm32f4xx_hal_gpio.o
 .ARM.attributes
                0x0000031b       0x34 ./Drivers/STM32F4xx_HAL_Driver/Src/stm32f4xx_hal_rcc.o
 .ARM.attributes
                0x0000034f       0x34 ./Drivers/STM32F4xx_HAL_Driver/Src/stm32f4xx_hal_tim.o
 .ARM.attributes
                0x00000383       0x34 ./Drivers/STM32F4xx_HAL_Driver/Src/stm32f4xx_hal_tim_ex.o
 .ARM.attributes
                0x000003b7       0x34 ./Drivers/STM32F4xx_HAL_Driver/Src/stm32f4xx_hal_uart.o
 .ARM.attributes
                0x000003eb       0x34 /opt/st/stm32cubeide_2.1.1/plugins/com.st.stm32cube.ide.mcu.externaltools.gnu-tools-for-stm32.14.3.rel1.linux64_1.0.100.202602081740/tools/bin/../lib/gcc/arm-none-eabi/14.3.1/../../../../arm-none-eabi/lib/thumb/v7e-m+fp/hard/libc_nano.a(libc_a-memset.o)
 .ARM.attributes
                0x0000041f       0x34 /opt/st/stm32cubeide_2.1.1/plugins/com.st.stm32cube.ide.mcu.externaltools.gnu-tools-for-stm32.14.3.rel1.linux64_1.0.100.202602081740/tools/bin/../lib/gcc/arm-none-eabi/14.3.1/../../../../arm-none-eabi/lib/thumb/v7e-m+fp/hard/libc_nano.a(libc_a-init.o)
 .ARM.attributes
                0x00000453       0x22 /opt/st/stm32cubeide_2.1.1/plugins/com.st.stm32cube.ide.mcu.externaltools.gnu-tools-for-stm32.14.3.rel1.linux64_1.0.100.202602081740/tools/bin/../lib/gcc/arm-none-eabi/14.3.1/thumb/v7e-m+fp/hard/libgcc.a(_aeabi_uldivmod.o)
 .ARM.attributes
                0x00000475       0x34 /opt/st/stm32cubeide_2.1.1/plugins/com.st.stm32cube.ide.mcu.externaltools.gnu-tools-for-stm32.14.3.rel1.linux64_1.0.100.202602081740/tools/bin/../lib/gcc/arm-none-eabi/14.3.1/thumb/v7e-m+fp/hard/libgcc.a(_udivmoddi4.o)
 .ARM.attributes
                0x000004a9       0x22 /opt/st/stm32cubeide_2.1.1/plugins/com.st.stm32cube.ide.mcu.externaltools.gnu-tools-for-stm32.14.3.rel1.linux64_1.0.100.202602081740/tools/bin/../lib/gcc/arm-none-eabi/14.3.1/thumb/v7e-m+fp/hard/libgcc.a(_dvmd_tls.o)
 .ARM.attributes
                0x000004cb       0x22 /opt/st/stm32cubeide_2.1.1/plugins/com.st.stm32cube.ide.mcu.externaltools.gnu-tools-for-stm32.14.3.rel1.linux64_1.0.100.202602081740/tools/bin/../lib/gcc/arm-none-eabi/14.3.1/thumb/v7e-m+fp/hard/crtn.o
OUTPUT(111_ELEVATOR.elf elf32-littlearm)
LOAD linker stubs
LOAD /opt/st/stm32cubeide_2.1.1/plugins/com.st.stm32cube.ide.mcu.externaltools.gnu-tools-for-stm32.14.3.rel1.linux64_1.0.100.202602081740/tools/bin/../lib/gcc/arm-none-eabi/14.3.1/../../../../arm-none-eabi/lib/thumb/v7e-m+fp/hard/libc.a
LOAD /opt/st/stm32cubeide_2.1.1/plugins/com.st.stm32cube.ide.mcu.externaltools.gnu-tools-for-stm32.14.3.rel1.linux64_1.0.100.202602081740/tools/bin/../lib/gcc/arm-none-eabi/14.3.1/../../../../arm-none-eabi/lib/thumb/v7e-m+fp/hard/libm.a
LOAD /opt/st/stm32cubeide_2.1.1/plugins/com.st.stm32cube.ide.mcu.externaltools.gnu-tools-for-stm32.14.3.rel1.linux64_1.0.100.202602081740/tools/bin/../lib/gcc/arm-none-eabi/14.3.1/thumb/v7e-m+fp/hard/libgcc.a

.debug_info     0x00000000     0xd048
 .debug_info    0x00000000      0x75d ./Core/Src/buzzer.o
 .debug_info    0x0000075d      0x25c ./Core/Src/door.o
 .debug_info    0x000009b9      0x1e1 ./Core/Src/fnd.o
 .debug_info    0x00000b9a      0x433 ./Core/Src/gpio.o
 .debug_info    0x00000fcd      0xc8c ./Core/Src/main.o
 .debug_info    0x00001c59      0x291 ./Core/Src/stm32f4xx_hal_msp.o
 .debug_info    0x00001eea      0x112 ./Core/Src/stm32f4xx_it.o
 .debug_info    0x00001ffc      0x53e ./Core/Src/system_stm32f4xx.o
 .debug_info    0x0000253a      0xdbb ./Core/Src/tim.o
 .debug_info    0x000032f5      0x9a6 ./Core/Src/usart.o
 .debug_info    0x00003c9b       0x30 ./Core/Startup/startup_stm32f411retx.o
 .debug_info    0x00003ccb      0x8c4 ./Drivers/STM32F4xx_HAL_Driver/Src/stm32f4xx_hal.o
 .debug_info    0x0000458f      0xcfc ./Drivers/STM32F4xx_HAL_Driver/Src/stm32f4xx_hal_cortex.o
 .debug_info    0x0000528b      0x6f9 ./Drivers/STM32F4xx_HAL_Driver/Src/stm32f4xx_hal_gpio.o
 .debug_info    0x00005984      0x904 ./Drivers/STM32F4xx_HAL_Driver/Src/stm32f4xx_hal_rcc.o
 .debug_info    0x00006288     0x2996 ./Drivers/STM32F4xx_HAL_Driver/Src/stm32f4xx_hal_tim.o
 .debug_info    0x00008c1e     0x14d4 ./Drivers/STM32F4xx_HAL_Driver/Src/stm32f4xx_hal_tim_ex.o
 .debug_info    0x0000a0f2     0x2f56 ./Drivers/STM32F4xx_HAL_Driver/Src/stm32f4xx_hal_uart.o

.debug_abbrev   0x00000000     0x20f2
 .debug_abbrev  0x00000000      0x1e4 ./Core/Src/buzzer.o
 .debug_abbrev  0x000001e4      0x11e ./Core/Src/door.o
 .debug_abbrev  0x00000302      0x10b ./Core/Src/fnd.o
 .debug_abbrev  0x0000040d      0x151 ./Core/Src/gpio.o
 .debug_abbrev  0x0000055e      0x294 ./Core/Src/main.o
 .debug_abbrev  0x000007f2       0xd8 ./Core/Src/stm32f4xx_hal_msp.o
 .debug_abbrev  0x000008ca       0x73 ./Core/Src/stm32f4xx_it.o
 .debug_abbrev  0x0000093d      0x11a ./Core/Src/system_stm32f4xx.o
 .debug_abbrev  0x00000a57      0x24c ./Core/Src/tim.o
 .debug_abbrev  0x00000ca3      0x1fe ./Core/Src/usart.o
 .debug_abbrev  0x00000ea1       0x24 ./Core/Startup/startup_stm32f411retx.o
 .debug_abbrev  0x00000ec5      0x24b ./Drivers/STM32F4xx_HAL_Driver/Src/stm32f4xx_hal.o
 .debug_abbrev  0x00001110      0x31d ./Drivers/STM32F4xx_HAL_Driver/Src/stm32f4xx_hal_cortex.o
 .debug_abbrev  0x0000142d      0x1d3 ./Drivers/STM32F4xx_HAL_Driver/Src/stm32f4xx_hal_gpio.o
 .debug_abbrev  0x00001600      0x2b6 ./Drivers/STM32F4xx_HAL_Driver/Src/stm32f4xx_hal_rcc.o
 .debug_abbrev  0x000018b6      0x28b ./Drivers/STM32F4xx_HAL_Driver/Src/stm32f4xx_hal_tim.o
 .debug_abbrev  0x00001b41      0x296 ./Drivers/STM32F4xx_HAL_Driver/Src/stm32f4xx_hal_tim_ex.o
 .debug_abbrev  0x00001dd7      0x31b ./Drivers/STM32F4xx_HAL_Driver/Src/stm32f4xx_hal_uart.o

.debug_aranges  0x00000000      0xc78
 .debug_aranges
                0x00000000       0x30 ./Core/Src/buzzer.o
 .debug_aranges
                0x00000030       0x28 ./Core/Src/door.o
 .debug_aranges
                0x00000058       0x40 ./Core/Src/fnd.o
 .debug_aranges
                0x00000098       0x20 ./Core/Src/gpio.o
 .debug_aranges
                0x000000b8       0x30 ./Core/Src/main.o
 .debug_aranges
                0x000000e8       0x20 ./Core/Src/stm32f4xx_hal_msp.o
 .debug_aranges
                0x00000108       0x60 ./Core/Src/stm32f4xx_it.o
 .debug_aranges
                0x00000168       0x28 ./Core/Src/system_stm32f4xx.o
 .debug_aranges
                0x00000190       0x48 ./Core/Src/tim.o
 .debug_aranges
                0x000001d8       0x38 ./Core/Src/usart.o
 .debug_aranges
                0x00000210       0x28 ./Core/Startup/startup_stm32f411retx.o
 .debug_aranges
                0x00000238       0xf0 ./Drivers/STM32F4xx_HAL_Driver/Src/stm32f4xx_hal.o
 .debug_aranges
                0x00000328      0x130 ./Drivers/STM32F4xx_HAL_Driver/Src/stm32f4xx_hal_cortex.o
 .debug_aranges
                0x00000458       0x58 ./Drivers/STM32F4xx_HAL_Driver/Src/stm32f4xx_hal_gpio.o
 .debug_aranges
                0x000004b0       0x88 ./Drivers/STM32F4xx_HAL_Driver/Src/stm32f4xx_hal_rcc.o
 .debug_aranges
                0x00000538      0x3d0 ./Drivers/STM32F4xx_HAL_Driver/Src/stm32f4xx_hal_tim.o
 .debug_aranges
                0x00000908      0x168 ./Drivers/STM32F4xx_HAL_Driver/Src/stm32f4xx_hal_tim_ex.o
 .debug_aranges
                0x00000a70      0x208 ./Drivers/STM32F4xx_HAL_Driver/Src/stm32f4xx_hal_uart.o

.debug_rnglists
                0x00000000      0x9ad
 .debug_rnglists
                0x00000000       0x1f ./Core/Src/buzzer.o
 .debug_rnglists
                0x0000001f       0x1a ./Core/Src/door.o
 .debug_rnglists
                0x00000039       0x2b ./Core/Src/fnd.o
 .debug_rnglists
                0x00000064       0x14 ./Core/Src/gpio.o
 .debug_rnglists
                0x00000078       0x21 ./Core/Src/main.o
 .debug_rnglists
                0x00000099       0x13 ./Core/Src/stm32f4xx_hal_msp.o
 .debug_rnglists
                0x000000ac       0x43 ./Core/Src/stm32f4xx_it.o
 .debug_rnglists
                0x000000ef       0x1a ./Core/Src/system_stm32f4xx.o
 .debug_rnglists
                0x00000109       0x36 ./Core/Src/tim.o
 .debug_rnglists
                0x0000013f       0x26 ./Core/Src/usart.o
 .debug_rnglists
                0x00000165       0x19 ./Core/Startup/startup_stm32f411retx.o
 .debug_rnglists
                0x0000017e       0xaf ./Drivers/STM32F4xx_HAL_Driver/Src/stm32f4xx_hal.o
 .debug_rnglists
                0x0000022d       0xe0 ./Drivers/STM32F4xx_HAL_Driver/Src/stm32f4xx_hal_cortex.o
 .debug_rnglists
                0x0000030d       0x3f ./Drivers/STM32F4xx_HAL_Driver/Src/stm32f4xx_hal_gpio.o
 .debug_rnglists
                0x0000034c       0x66 ./Drivers/STM32F4xx_HAL_Driver/Src/stm32f4xx_hal_rcc.o
 .debug_rnglists
                0x000003b2      0x31a ./Drivers/STM32F4xx_HAL_Driver/Src/stm32f4xx_hal_tim.o
 .debug_rnglists
                0x000006cc      0x125 ./Drivers/STM32F4xx_HAL_Driver/Src/stm32f4xx_hal_tim_ex.o
 .debug_rnglists
                0x000007f1      0x1bc ./Drivers/STM32F4xx_HAL_Driver/Src/stm32f4xx_hal_uart.o

.debug_macro    0x00000000    0x162b8
 .debug_macro   0x00000000      0x1f1 ./Core/Src/buzzer.o
 .debug_macro   0x000001f1      0xad8 ./Core/Src/buzzer.o
 .debug_macro   0x00000cc9      0x29b ./Core/Src/buzzer.o
 .debug_macro   0x00000f64       0x2e ./Core/Src/buzzer.o
 .debug_macro   0x00000f92       0x28 ./Core/Src/buzzer.o
 .debug_macro   0x00000fba       0x22 ./Core/Src/buzzer.o
 .debug_macro   0x00000fdc       0x8e ./Core/Src/buzzer.o
 .debug_macro   0x0000106a       0x51 ./Core/Src/buzzer.o
 .debug_macro   0x000010bb      0x103 ./Core/Src/buzzer.o
 .debug_macro   0x000011be       0x6a ./Core/Src/buzzer.o
 .debug_macro   0x00001228      0x1df ./Core/Src/buzzer.o
 .debug_macro   0x00001407       0x1c ./Core/Src/buzzer.o
 .debug_macro   0x00001423       0x22 ./Core/Src/buzzer.o
 .debug_macro   0x00001445       0xfb ./Core/Src/buzzer.o
 .debug_macro   0x00001540     0x1011 ./Core/Src/buzzer.o
 .debug_macro   0x00002551      0x11f ./Core/Src/buzzer.o
 .debug_macro   0x00002670     0xb968 ./Core/Src/buzzer.o
 .debug_macro   0x0000dfd8       0x6d ./Core/Src/buzzer.o
 .debug_macro   0x0000e045     0x3693 ./Core/Src/buzzer.o
 .debug_macro   0x000116d8      0x190 ./Core/Src/buzzer.o
 .debug_macro   0x00011868       0x5c ./Core/Src/buzzer.o
 .debug_macro   0x000118c4      0x45c ./Core/Src/buzzer.o
 .debug_macro   0x00011d20      0x9e9 ./Core/Src/buzzer.o
 .debug_macro   0x00012709      0x115 ./Core/Src/buzzer.o
 .debug_macro   0x0001281e      0x11b ./Core/Src/buzzer.o
 .debug_macro   0x00012939       0xa5 ./Core/Src/buzzer.o
 .debug_macro   0x000129de      0x15f ./Core/Src/buzzer.o
 .debug_macro   0x00012b3d      0x287 ./Core/Src/buzzer.o
 .debug_macro   0x00012dc4       0x5f ./Core/Src/buzzer.o
 .debug_macro   0x00012e23      0x236 ./Core/Src/buzzer.o
 .debug_macro   0x00013059      0x132 ./Core/Src/buzzer.o
 .debug_macro   0x0001318b      0x264 ./Core/Src/buzzer.o
 .debug_macro   0x000133ef       0x2e ./Core/Src/buzzer.o
 .debug_macro   0x0001341d      0x127 ./Core/Src/buzzer.o
 .debug_macro   0x00013544       0x85 ./Core/Src/buzzer.o
 .debug_macro   0x000135c9       0x89 ./Core/Src/buzzer.o
 .debug_macro   0x00013652      0x8ed ./Core/Src/buzzer.o
 .debug_macro   0x00013f3f       0x47 ./Core/Src/buzzer.o
 .debug_macro   0x00013f86      0x2aa ./Core/Src/buzzer.o
 .debug_macro   0x00014230      0x126 ./Core/Src/buzzer.o
 .debug_macro   0x00014356       0xf4 ./Core/Src/buzzer.o
 .debug_macro   0x0001444a      0x1f1 ./Core/Src/door.o
 .debug_macro   0x0001463b      0x1e7 ./Core/Src/fnd.o
 .debug_macro   0x00014822      0x1e7 ./Core/Src/gpio.o
 .debug_macro   0x00014a09      0x221 ./Core/Src/main.o
 .debug_macro   0x00014c2a      0x1dd ./Core/Src/stm32f4xx_hal_msp.o
 .debug_macro   0x00014e07      0x1e7 ./Core/Src/stm32f4xx_it.o
 .debug_macro   0x00014fee      0x1ce ./Core/Src/system_stm32f4xx.o
 .debug_macro   0x000151bc      0x1e7 ./Core/Src/tim.o
 .debug_macro   0x000153a3      0x1e7 ./Core/Src/usart.o
 .debug_macro   0x0001558a      0x22e ./Drivers/STM32F4xx_HAL_Driver/Src/stm32f4xx_hal.o
 .debug_macro   0x000157b8      0x1ce ./Drivers/STM32F4xx_HAL_Driver/Src/stm32f4xx_hal_cortex.o
 .debug_macro   0x00015986      0x1d4 ./Drivers/STM32F4xx_HAL_Driver/Src/stm32f4xx_hal_gpio.o
 .debug_macro   0x00015b5a      0x1f2 ./Drivers/STM32F4xx_HAL_Driver/Src/stm32f4xx_hal_rcc.o
 .debug_macro   0x00015d4c      0x1cf ./Drivers/STM32F4xx_HAL_Driver/Src/stm32f4xx_hal_tim.o
 .debug_macro   0x00015f1b      0x1ce ./Drivers/STM32F4xx_HAL_Driver/Src/stm32f4xx_hal_tim_ex.o
 .debug_macro   0x000160e9      0x1cf ./Drivers/STM32F4xx_HAL_Driver/Src/stm32f4xx_hal_uart.o

.debug_line     0x00000000     0xe91b
 .debug_line    0x00000000      0x716 ./Core/Src/buzzer.o
 .debug_line    0x00000716      0x718 ./Core/Src/door.o
 .debug_line    0x00000e2e      0x6f9 ./Core/Src/fnd.o
 .debug_line    0x00001527      0x6b7 ./Core/Src/gpio.o
 .debug_line    0x00001bde      0x7bb ./Core/Src/main.o
 .debug_line    0x00002399      0x68f ./Core/Src/stm32f4xx_hal_msp.o
 .debug_line    0x00002a28      0x73e ./Core/Src/stm32f4xx_it.o
 .debug_line    0x00003166      0x705 ./Core/Src/system_stm32f4xx.o
 .debug_line    0x0000386b      0x8c1 ./Core/Src/tim.o
 .debug_line    0x0000412c      0x76b ./Core/Src/usart.o
 .debug_line    0x00004897       0x7a ./Core/Startup/startup_stm32f411retx.o
 .debug_line    0x00004911      0x984 ./Drivers/STM32F4xx_HAL_Driver/Src/stm32f4xx_hal.o
 .debug_line    0x00005295      0xc51 ./Drivers/STM32F4xx_HAL_Driver/Src/stm32f4xx_hal_cortex.o
 .debug_line    0x00005ee6      0xa9a ./Drivers/STM32F4xx_HAL_Driver/Src/stm32f4xx_hal_gpio.o
 .debug_line    0x00006980      0xd90 ./Drivers/STM32F4xx_HAL_Driver/Src/stm32f4xx_hal_rcc.o
 .debug_line    0x00007710     0x34c6 ./Drivers/STM32F4xx_HAL_Driver/Src/stm32f4xx_hal_tim.o
 .debug_line    0x0000abd6     0x187c ./Drivers/STM32F4xx_HAL_Driver/Src/stm32f4xx_hal_tim_ex.o
 .debug_line    0x0000c452     0x24c9 ./Drivers/STM32F4xx_HAL_Driver/Src/stm32f4xx_hal_uart.o

.debug_str      0x00000000    0x8ab91
 .debug_str     0x00000000    0x8ab91 ./Core/Src/buzzer.o
                              0x87a22 (size before relaxing)
 .debug_str     0x0008ab91    0x874cc ./Core/Src/door.o
 .debug_str     0x0008ab91    0x874a5 ./Core/Src/fnd.o
 .debug_str     0x0008ab91    0x875c5 ./Core/Src/gpio.o
 .debug_str     0x0008ab91    0x87de3 ./Core/Src/main.o
 .debug_str     0x0008ab91    0x874fa ./Core/Src/stm32f4xx_hal_msp.o
 .debug_str     0x0008ab91    0x8746e ./Core/Src/stm32f4xx_it.o
 .debug_str     0x0008ab91    0x871d3 ./Core/Src/system_stm32f4xx.o
 .debug_str     0x0008ab91    0x87d8f ./Core/Src/tim.o
 .debug_str     0x0008ab91    0x87a9d ./Core/Src/usart.o
 .debug_str     0x0008ab91       0x74 ./Core/Startup/startup_stm32f411retx.o
 .debug_str     0x0008ab91    0x87bff ./Drivers/STM32F4xx_HAL_Driver/Src/stm32f4xx_hal.o
 .debug_str     0x0008ab91    0x87969 ./Drivers/STM32F4xx_HAL_Driver/Src/stm32f4xx_hal_cortex.o
 .debug_str     0x0008ab91    0x8734e ./Drivers/STM32F4xx_HAL_Driver/Src/stm32f4xx_hal_gpio.o
 .debug_str     0x0008ab91    0x87607 ./Drivers/STM32F4xx_HAL_Driver/Src/stm32f4xx_hal_rcc.o
 .debug_str     0x0008ab91    0x8854b ./Drivers/STM32F4xx_HAL_Driver/Src/stm32f4xx_hal_tim.o
 .debug_str     0x0008ab91    0x87d57 ./Drivers/STM32F4xx_HAL_Driver/Src/stm32f4xx_hal_tim_ex.o
 .debug_str     0x0008ab91    0x87bd6 ./Drivers/STM32F4xx_HAL_Driver/Src/stm32f4xx_hal_uart.o

.comment        0x00000000       0x43
 .comment       0x00000000       0x43 ./Core/Src/buzzer.o
                                 0x44 (size before relaxing)
 .comment       0x00000043       0x44 ./Core/Src/door.o
 .comment       0x00000043       0x44 ./Core/Src/fnd.o
 .comment       0x00000043       0x44 ./Core/Src/gpio.o
 .comment       0x00000043       0x44 ./Core/Src/main.o
 .comment       0x00000043       0x44 ./Core/Src/stm32f4xx_hal_msp.o
 .comment       0x00000043       0x44 ./Core/Src/stm32f4xx_it.o
 .comment       0x00000043       0x44 ./Core/Src/system_stm32f4xx.o
 .comment       0x00000043       0x44 ./Core/Src/tim.o
 .comment       0x00000043       0x44 ./Core/Src/usart.o
 .comment       0x00000043       0x44 ./Drivers/STM32F4xx_HAL_Driver/Src/stm32f4xx_hal.o
 .comment       0x00000043       0x44 ./Drivers/STM32F4xx_HAL_Driver/Src/stm32f4xx_hal_cortex.o
 .comment       0x00000043       0x44 ./Drivers/STM32F4xx_HAL_Driver/Src/stm32f4xx_hal_gpio.o
 .comment       0x00000043       0x44 ./Drivers/STM32F4xx_HAL_Driver/Src/stm32f4xx_hal_rcc.o
 .comment       0x00000043       0x44 ./Drivers/STM32F4xx_HAL_Driver/Src/stm32f4xx_hal_tim.o
 .comment       0x00000043       0x44 ./Drivers/STM32F4xx_HAL_Driver/Src/stm32f4xx_hal_tim_ex.o
 .comment       0x00000043       0x44 ./Drivers/STM32F4xx_HAL_Driver/Src/stm32f4xx_hal_uart.o

.debug_frame    0x00000000     0x304c
 .debug_frame   0x00000000       0x74 ./Core/Src/buzzer.o
 .debug_frame   0x00000074       0x50 ./Core/Src/door.o
 .debug_frame   0x000000c4       0x9c ./Core/Src/fnd.o
 .debug_frame   0x00000160       0x34 ./Core/Src/gpio.o
 .debug_frame   0x00000194       0x68 ./Core/Src/main.o
 .debug_frame   0x000001fc       0x34 ./Core/Src/stm32f4xx_hal_msp.o
 .debug_frame   0x00000230       0xf8 ./Core/Src/stm32f4xx_it.o
 .debug_frame   0x00000328       0x50 ./Core/Src/system_stm32f4xx.o
 .debug_frame   0x00000378       0xe8 ./Core/Src/tim.o
 .debug_frame   0x00000460       0x90 ./Core/Src/usart.o
 .debug_frame   0x000004f0      0x31c ./Drivers/STM32F4xx_HAL_Driver/Src/stm32f4xx_hal.o
 .debug_frame   0x0000080c      0x4b8 ./Drivers/STM32F4xx_HAL_Driver/Src/stm32f4xx_hal_cortex.o
 .debug_frame   0x00000cc4      0x130 ./Drivers/STM32F4xx_HAL_Driver/Src/stm32f4xx_hal_gpio.o
 .debug_frame   0x00000df4      0x1d8 ./Drivers/STM32F4xx_HAL_Driver/Src/stm32f4xx_hal_rcc.o
 .debug_frame   0x00000fcc     0x10e8 ./Drivers/STM32F4xx_HAL_Driver/Src/stm32f4xx_hal_tim.o
 .debug_frame   0x000020b4      0x600 ./Drivers/STM32F4xx_HAL_Driver/Src/stm32f4xx_hal_tim_ex.o
 .debug_frame   0x000026b4      0x8ec ./Drivers/STM32F4xx_HAL_Driver/Src/stm32f4xx_hal_uart.o
 .debug_frame   0x00002fa0       0x20 /opt/st/stm32cubeide_2.1.1/plugins/com.st.stm32cube.ide.mcu.externaltools.gnu-tools-for-stm32.14.3.rel1.linux64_1.0.100.202602081740/tools/bin/../lib/gcc/arm-none-eabi/14.3.1/../../../../arm-none-eabi/lib/thumb/v7e-m+fp/hard/libc_nano.a(libc_a-memset.o)
 .debug_frame   0x00002fc0       0x2c /opt/st/stm32cubeide_2.1.1/plugins/com.st.stm32cube.ide.mcu.externaltools.gnu-tools-for-stm32.14.3.rel1.linux64_1.0.100.202602081740/tools/bin/../lib/gcc/arm-none-eabi/14.3.1/../../../../arm-none-eabi/lib/thumb/v7e-m+fp/hard/libc_nano.a(libc_a-init.o)
 .debug_frame   0x00002fec       0x2c /opt/st/stm32cubeide_2.1.1/plugins/com.st.stm32cube.ide.mcu.externaltools.gnu-tools-for-stm32.14.3.rel1.linux64_1.0.100.202602081740/tools/bin/../lib/gcc/arm-none-eabi/14.3.1/thumb/v7e-m+fp/hard/libgcc.a(_aeabi_uldivmod.o)
 .debug_frame   0x00003018       0x34 /opt/st/stm32cubeide_2.1.1/plugins/com.st.stm32cube.ide.mcu.externaltools.gnu-tools-for-stm32.14.3.rel1.linux64_1.0.100.202602081740/tools/bin/../lib/gcc/arm-none-eabi/14.3.1/thumb/v7e-m+fp/hard/libgcc.a(_udivmoddi4.o)

.debug_line_str
                0x00000000       0x58
 .debug_line_str
                0x00000000       0x58 ./Core/Startup/startup_stm32f411retx.o
