../Core/Src/BT_Serial.c:37:6:BT_Init	16	static
../Core/Src/BT_Serial.c:60:6:BT_SetDisplay	96	static
../Core/Src/BT_Serial.c:78:6:BT_RxCallback	16	static
../Core/Src/BT_Serial.c:131:9:BT_button	8	static
../Core/Src/BT_Serial.c:158:6:BT_Process	16	static
../Core/Src/BT_Serial.c:214:6:BT_HandleError	8	static
../Core/Src/BT_Serial.c:224:6:BT_HandleBusy	8	static
../Core/Src/BT_Serial.c:233:6:BT_HandleSameFloor	80	static
../Core/Src/BT_Serial.c:283:6:BT_HandleDifferentFloor	80	static
../Core/Src/BT_Serial.c:306:6:BT_MoveDone_Process	72	static
../Core/Src/BT_Serial.c:359:6:BT_ClearDisplay	16	static
../Core/Src/BT_Serial.c:364:6:BT_ClearAllDisplays	8	static
../Core/Src/BT_Serial.c:373:6:BT_SetAllDisplays	232	static
