../Core/Src/stepper.c:45:13:Stepper_OnProgress	16	static
../Core/Src/stepper.c:52:17:Stepper_AbsInt32	16	static
../Core/Src/stepper.c:62:10:Stepper_AngleToSteps	32	static
../Core/Src/stepper.c:67:6:Stepper_WriteStep	24	static
../Core/Src/stepper.c:77:13:Stepper_Release	8	static
../Core/Src/stepper.c:85:6:Stepper_StartRotateSteps	24	static
../Core/Src/stepper.c:97:6:Stepper_StartRotateDegrees	32	static
../Core/Src/stepper.c:106:9:Stepper_Process	8	static
../Core/Src/stepper.c:144:9:Stepper_IsBusy	4	static
../Core/Src/stepper.c:149:16:Stepper_GetMoveDegrees	16	static
../Core/Src/stepper.c:159:13:Stepper_Stop	8	static
../Core/Src/stepper.c:165:19:Stepper_BeginMoveToFloor	24	static
../Core/Src/stepper.c:211:19:Stepper_TickMove	24	static
../Core/Src/stepper.c:269:19:Stepper_GetMoveState	4	static
../Core/Src/stepper.c:274:6:Stepper_Update	16	static
../Core/Src/stepper.c:317:6:Stepper_RequestMoveToFloor	24	static
../Core/Src/stepper.c:341:19:Stepper_MoveToFloor	16	static
