../Core/Src/ultrasonic.c:25:6:Ultrasonic_Init	8	static
../Core/Src/ultrasonic.c:31:6:Ultrasonic_Trigger	8	static
../Core/Src/ultrasonic.c:48:9:Ultrasonic_GetDistance	16	static
../Core/Src/ultrasonic.c:58:10:Ultrasonic_GetDistanceMm	16	static
../Core/Src/ultrasonic.c:68:6:Ultrasonic_ReadBoth	24	static
../Core/Src/ultrasonic.c:84:16:Ultrasonic_IsSimilarDistance	16	static
../Core/Src/ultrasonic.c:94:16:Ultrasonic_IsNearTarget	16	static
../Core/Src/ultrasonic.c:104:9:Ultrasonic_IsTargetReached	16	static
../Core/Src/ultrasonic.c:124:9:Ultrasonic_GetTargetHitCount	16	static
../Core/Src/ultrasonic.c:138:9:Ultrasonic_GetCurrentFloor	16	static
../Core/Src/ultrasonic.c:165:6:HAL_TIM_IC_CaptureCallback	16	static
